============================= test session starts =============================
platform win32 -- Python 3.13.2, pytest-9.0.2, pluggy-1.6.0 -- C:\Users\Jiangqianxian\source\repos\d2nn\.venv\Scripts\python.exe
cachedir: .pytest_cache
rootdir: C:\Users\Jiangqianxian\source\repos\d2nn
configfile: pyproject.toml
collecting ... collected 0 items / 1 error

=================================== ERRORS ====================================
__________________ ERROR collecting tests/test_d2nn_core.py ___________________
ImportError while importing test module 'C:\Users\Jiangqianxian\source\repos\d2nn\tests\test_d2nn_core.py'.
Hint: make sure your test modules/packages have valid Python names.
Traceback:
..\..\..\AppData\Local\Programs\Python\Python313\Lib\importlib\__init__.py:88: in import_module
    return _bootstrap._gcd_import(name[level:], package, level)
           ^^^^^^^^^^^^^^^^^^^^^^^^^^^^^^^^^^^^^^^^^^^^^^^^^^^^
tests\test_d2nn_core.py:12: in <module>
    from artifacts import (
E   ModuleNotFoundError: No module named 'artifacts'
=========================== short test summary info ===========================
ERROR tests/test_d2nn_core.py
!!!!!!!!!!!!!!!!!!! Interrupted: 1 error during collection !!!!!!!!!!!!!!!!!!!!
============================== 1 error in 2.18s ===============================
